// Vitest Snapshot v1, https://vitest.dev/guide/snapshot.html

exports[`AuthLayout page > AuthLayout snap shot 1`] = `undefined`;

exports[`UpdatePasswordFeature page > UpdatePasswordFeature snap shot 1`] = `undefined`;
